{
    "data": {
        "Category": {
            "id": "2",
            "name": "Condiments"
        }
    }
}
