{
    "data": {
        "author": {
            "id": "1",
            "name": "Ciaran Holt"
        }
    }
}
