{
    "data": {
        "albums": {
            "totalCount": 347,
            "count": 2,
            "nodes": [
                {
                    "id": "2",
                    "title": "Balls to the Wall",
                    "artist": {
                        "id": "2",
                        "name": "Accept"
                    }
                },
                {
                    "id": "60",
                    "title": "Fireball",
                    "artist": {
                        "id": "58",
                        "name": "Deep Purple"
                    }
                }
            ]
        }
    }
}
