{
    "data": {
        "albums": {
            "totalCount": 347,
            "count": 5,
            "nodes": [
                {
                    "id": "6",
                    "title": "Jagged Little Pill",
                    "artist": {
                        "id": "4",
                        "name": "Alanis Morissette"
                    }
                },
                {
                    "id": "7",
                    "title": "Facelift",
                    "artist": {
                        "id": "5",
                        "name": "Alice In Chains"
                    }
                },
                {
                    "id": "8",
                    "title": "Warner 25 Anos",
                    "artist": {
                        "id": "6",
                        "name": "Ant\u00f4nio Carlos Jobim"
                    }
                },
                {
                    "id": "9",
                    "title": "Plays Metallica By Four Cellos",
                    "artist": {
                        "id": "7",
                        "name": "Apocalyptica"
                    }
                },
                {
                    "id": "10",
                    "title": "Audioslave",
                    "artist": {
                        "id": "8",
                        "name": "Audioslave"
                    }
                }
            ]
        }
    }
}
