{
    "data": {
        "albums": [
            {
                "id": "1",
                "title": "For Those About To Rock We Salute You"
            }
        ]
    }
}
