{
    "data": {
        "albums": {
            "totalCount": 347,
            "nodes": [
                {
                    "id": "11",
                    "title": "Out Of Exile"
                },
                {
                    "id": "12",
                    "title": "BackBeat Soundtrack"
                },
                {
                    "id": "13",
                    "title": "The Best Of Billy Cobham"
                },
                {
                    "id": "14",
                    "title": "Alcohol Fueled Brewtality Live! [Disc 1]"
                },
                {
                    "id": "15",
                    "title": "Alcohol Fueled Brewtality Live! [Disc 2]"
                }
            ]
        }
    }
}
