{
    "data": {
        "genres": {
            "totalCount": 25,
            "nodes": [
                {
                    "id": "6",
                    "name": "Blues"
                },
                {
                    "id": "7",
                    "name": "Latin"
                },
                {
                    "id": "8",
                    "name": "Reggae"
                },
                {
                    "id": "9",
                    "name": "Pop"
                },
                {
                    "id": "10",
                    "name": "Soundtrack"
                }
            ]
        }
    }
}
