{
    "data": {
        "genre": {
            "id": "1",
            "name": "Rock"
        }
    }
}
