{
    "data": {
        "playLists": {
            "totalCount": 18,
            "nodes": [
                {
                    "id": "4",
                    "name": "Audiobooks"
                },
                {
                    "id": "5",
                    "name": "90\u2019s Music"
                }
            ]
        }
    }
}
