"""Stimplify Query fields"""
type Query {
  albums: [album]
}

"""Music album"""
type album {
  id: ID!
}
