{
    "data": {
        "updateAlbum": {
            "id": "348",
            "title": "Test Update Album"
        }
    }
}
