{
    "data": {
        "createArtist": {
            "id": "276",
            "name": "Test Artist"
        }
    }
}
