{
    "data": {
        "deleteArtist": {
            "id": "276",
            "name": "Test Update Artist"
        }
    }
}
