{
    "data": {
        "updateGenre": {
            "id": "26",
            "name": "Test Update Genre"
        }
    }
}
