{
    "data": {
        "createGenre": {
            "id": "26",
            "name": "Test Genre"
        }
    }
}
