{
    "data": {
        "updateMediaType": {
            "id": "6",
            "name": "Test Update Media Type"
        }
    }
}
