{
    "data": {
        "createMediaType": {
            "id": "6",
            "name": "Test Media Type"
        }
    }
}
