{
    "data": {
        "updatePlayList": {
            "id": "19",
            "name": "Test Update PlayList"
        }
    }
}
