{
    "data": {
        "deletePlayList": {
            "id": "19",
            "name": "Test Update PlayList"
        }
    }
}
