{
    "data": {
        "createPlayList": {
            "id": "19",
            "name": "Test PlayList"
        }
    }
}
